$ next build
▲ Next.js 16.1.3 (Turbopack)
- Environments: .env

  Creating an optimized production build ...

> Build error occurred
Error: Turbopack build failed with 1 errors:
./src/app/api/v1/auth/verify-otp/route.ts:4:1
Export prisma doesn't exist in target module
[0m [90m 2 |[39m [36mimport[39m { [33mNextResponse[39m } [36mfrom[39m [32m'next/server'[39m[33m;[39m
 [90m 3 |[39m [36mimport[39m { verifyOTP[33m,[39m signToken } [36mfrom[39m [32m'@/lib/auth'[39m[33m;[39m
[31m[1m>[22m[39m[90m 4 |[39m [36mimport[39m { prisma } [36mfrom[39m [32m'@/lib/db'[39m[33m;[39m
 [90m   |[39m [31m[1m^[22m[39m[31m[1m^[22m[39m[31m[1m^[22m[39m[31m[1m^[22m[39m[31m[1m^[22m[39m[31m[1m^[22m[39m[31m[1m^[22m[39m[31m[1m^[22m[39m[31m[1m^[22m[39m[31m[1m^[22m[39m[31m[1m^[22m[39m[31m[1m^[22m[39m[31m[1m^[22m[39m[31m[1m^[22m[39m[31m[1m^[22m[39m[31m[1m^[22m[39m[31m[1m^[22m[39m[31m[1m^[22m[39m[31m[1m^[22m[39m[31m[1m^[22m[39m[31m[1m^[22m[39m[31m[1m^[22m[39m[31m[1m^[22m[39m[31m[1m^[22m[39m[31m[1m^[22m[39m[31m[1m^[22m[39m[31m[1m^[22m[39m[31m[1m^[22m[39m[31m[1m^[22m[39m[31m[1m^[22m[39m[31m[1m^[22m[39m[31m[1m^[22m[39m[31m[1m^[22m[39m[31m[1m^[22m[39m
 [90m 5 |[39m
 [90m 6 |[39m [36mexport[39m [36masync[39m [36mfunction[39m [33mPOST[39m(request[33m:[39m [33mRequest[39m) {
 [90m 7 |[39m     [36mtry[39m {[0m

The export prisma was not found in module [project]/src/lib/db.ts [app-route] (ecmascript).
Did you mean to import db?
All exports of the module are statically known (It doesn't have dynamic exports). So it's known statically that the requested export doesn't exist.


    at <unknown> (./src/app/api/v1/auth/verify-otp/route.ts:4:1)
error: script "build" exited with code 1
